// Jest Snapshot v1, https://goo.gl/fbAQLP

exports[`should render title should render correctly with no props 1`] = `
<div
  className="App"
>
  <header
    className="App-header"
  >
    <h1
      className="App-title"
    >
      Chitter Challenge!
    </h1>
  </header>
  <PeepsContainer />
</div>
`;
